// Jest Snapshot v1, https://goo.gl/fbAQLP

exports[`Count component Counter handlers should changeout value to plus one 1`] = `
<div>
  <div>
    1
  </div>
  <button
    className="plusOneBtn"
    onClick={[Function]}
  >
    +1
  </button>
  <button
    className="resetBtn"
    onClick={[Function]}
  >
    Reset to 10
  </button>
</div>
`;

exports[`Count component should render counter component 1`] = `
<div>
  <div>
    0
  </div>
  <button
    className="plusOneBtn"
    onClick={[Function]}
  >
    +1
  </button>
  <button
    className="resetBtn"
    onClick={[Function]}
  >
    Reset to 10
  </button>
</div>
`;
