// Jest Snapshot v1, https://goo.gl/fbAQLP

exports[`<Posts /> renders posts 1`] = `ShallowWrapper {}`;
